T77C8 000:001.366   SEGGER J-Link V9.14a Log File
T77C8 000:001.484   DLL Compiled: Jan 28 2026 17:11:52
T77C8 000:001.507   Logging started @ 2026-06-03 08:37
T77C8 000:001.530   Process: C:\Users\张易博\.eclipse\com.renesas.platform_403284896\DebugComp\RA\e2-server-gdb.exe
T77C8 000:001.558 - 1.554ms 
T77C8 000:001.589 JLINK_GetDLLVersion()
T77C8 000:001.614 - 0.026ms returns 91401
T77C8 000:004.281 JLINK_OpenEx(...)
T77C8 000:009.825   Firmware: J-Link OB-RA4M2 compiled May 14 2021 BTL     
T77C8 000:010.164   Firmware: J-Link OB-RA4M2 compiled May 14 2021 BTL     
T77C8 000:012.948   Looking for J-Link GUI Server exe at: C:\Users\张易博\.eclipse\com.renesas.platform_403284896\DebugComp\RA\ARM\Segger_v9.14.1\JLinkGUIServer.exe
T77C8 000:013.082   Looking for J-Link GUI Server exe at: D:\J-link\JLink_V814\JLinkGUIServer.exe
T77C8 000:013.113   Forking J-Link GUI Server: D:\J-link\JLink_V814\JLinkGUIServer.exe
T77C8 000:086.238   J-Link GUI Server info: "J-Link GUI server V8.14 "
T77C8 008:154.692   Updating firmware:  J-Link OB-RA4M2 compiled Dec 10 2025 15:52:53
T77C8 008:154.785   Replacing firmware: J-Link OB-RA4M2 compiled May 14 2021 BTL     
T77C8 008:157.222   Looking for J-Link GUI Server exe at: C:\Users\张易博\.eclipse\com.renesas.platform_403284896\DebugComp\RA\ARM\Segger_v9.14.1\JLinkGUIServer.exe
T77C8 008:157.397   Looking for J-Link GUI Server exe at: D:\J-link\JLink_V814\JLinkGUIServer.exe
T77C8 008:157.453   Forking J-Link GUI Server: D:\J-link\JLink_V814\JLinkGUIServer.exe
T77C8 008:162.998   J-Link GUI Server info: "J-Link GUI server V8.14 "
T77C8 010:215.323   Waiting for new firmware to boot
T77C8 016:433.184   New firmware booted successfully
T77C8 016:434.430   Firmware: J-Link OB-RA4M2 compiled Dec 10 2025 15:52:53
T77C8 016:449.211   Hardware: V1.00
T77C8 016:449.275   S/N: 1085383105
T77C8 016:449.309   OEM: SEGGER
T77C8 016:449.498   Feature(s): None
T77C8 016:450.371   Bootloader: 2021 May 14
T77C8 016:451.000   USB speed mode: Full speed (12 MBit/s)
T77C8 016:451.701   TELNET listener socket opened on port 19021
T77C8 016:452.064   WEBSRV WEBSRV_Init(): Starting webserver thread(s)
T77C8 016:452.195   WEBSRV Webserver running on local port 19080
T77C8 016:453.326 - 16449.045ms returns "O.K."
T77C8 016:453.421 JLINK_TIF_Select(JLINKARM_TIF_SWD)
T77C8 016:454.018 - 0.597ms returns 0x00
T77C8 016:454.355 JLINK_ClrRESET()
T77C8 016:455.112 - 0.757ms 
T77C8 016:506.747 JLINK_SetSpeed(1500)
T77C8 016:507.032 - 0.453ms 
T77C8 016:507.064 JLINK_CORESIGHT_Configure(PerformTIFInit=0)
T77C8 016:507.560 - 0.497ms returns 0
T77C8 016:507.821 JLINK_CORESIGHT_ReadAPDPReg(DP reg 0x00)
T77C8 016:508.330   Value=0x6BA02477
T77C8 016:508.365 - 0.638ms returns 0
T77C8 016:508.392 JLINK_CORESIGHT_WriteAPDPReg(DP reg 0x00, 0x0000001F)
T77C8 016:508.635 - 0.244ms returns 0
T77C8 016:508.662 JLINK_CORESIGHT_ReadAPDPReg(DP reg 0x00)
T77C8 016:508.853   Value=0x6BA02477
T77C8 016:508.888 - 0.226ms returns 0
T77C8 016:508.914 JLINK_CORESIGHT_WriteAPDPReg(DP reg 0x02, 0x00000000)
T77C8 016:509.262 - 0.349ms returns 0
T77C8 016:509.290 JLINK_CORESIGHT_WriteAPDPReg(DP reg 0x01, 0x50000000)
T77C8 016:509.523 - 0.234ms returns 0
T77C8 016:509.549 JLINK_CORESIGHT_ReadAPDPReg(DP reg 0x01)
T77C8 016:509.763   Value=0xF0000000
T77C8 016:509.798 - 0.249ms returns 0
T77C8 016:509.822 JLINK_CORESIGHT_WriteAPDPReg(DP reg 0x00, 0x0000001F)
T77C8 016:510.013 - 0.190ms returns 0
T77C8 016:510.038 JLINK_CORESIGHT_ReadAPDPReg(DP reg 0x00)
T77C8 016:510.278   Value=0x6BA02477
T77C8 016:510.314 - 0.274ms returns 0
T77C8 016:510.338 JLINK_CORESIGHT_WriteAPDPReg(DP reg 0x01, 0x54000000)
T77C8 016:510.672 - 0.335ms returns 0
T77C8 016:510.702 JLINK_CORESIGHT_WriteAPDPReg(DP reg 0x01, 0x50000F00)
T77C8 016:510.978 - 0.275ms returns 0
T77C8 016:511.006 JLINK_CORESIGHT_WriteAPDPReg(DP reg 0x02, 0x01000000)
T77C8 016:511.278 - 0.271ms returns 0
T77C8 016:511.304 JLINK_CORESIGHT_WriteAPDPReg(AP reg 0x00, 0x80000002)
T77C8 016:511.606 - 0.302ms returns 0
T77C8 016:511.632 JLINK_CORESIGHT_WriteAPDPReg(AP reg 0x01, 0x80011100)
T77C8 016:511.875 - 0.241ms returns 0
T77C8 016:511.923 JLINK_CORESIGHT_WriteAPDPReg(AP reg 0x03, 0x000000A5)
T77C8 016:512.168 - 0.244ms returns 0
T77C8 016:512.195 JLINK_CORESIGHT_WriteAPDPReg(AP reg 0x00, 0x80000002)
T77C8 016:512.379 - 0.183ms returns 0
T77C8 016:512.405 JLINK_CORESIGHT_WriteAPDPReg(AP reg 0x01, 0x80011100)
T77C8 016:512.594 - 0.189ms returns 0
T77C8 016:512.619 JLINK_CORESIGHT_ReadAPDPReg(AP reg 0x03)
T77C8 016:512.858   Value=0x000000A5
T77C8 016:512.894 - 0.275ms returns 0
T77C8 016:512.918 JLINK_ClrTMS()
T77C8 016:512.990 - 0.072ms 
T77C8 016:519.408 JLINK_SetTCK()
T77C8 016:519.494 - 0.085ms returns 0
T77C8 016:525.294 JLINK_SetRESET()
T77C8 016:525.414 - 0.121ms 
T77C8 016:726.285 JLINK_CORESIGHT_WriteAPDPReg(AP reg 0x00, 0x80000002)
T77C8 016:726.530 - 0.251ms returns 0
T77C8 016:726.574 JLINK_CORESIGHT_WriteAPDPReg(AP reg 0x01, 0x80011100)
T77C8 016:726.920 - 0.344ms returns 0
T77C8 016:727.053 JLINK_CORESIGHT_ReadAPDPReg(AP reg 0x03)
T77C8 016:727.438   Value=0x00000000
T77C8 016:727.472 - 0.418ms returns 0
T77C8 016:727.496 JLINK_CORESIGHT_WriteAPDPReg(AP reg 0x00, 0x80000002)
T77C8 016:727.728 - 0.232ms returns 0
T77C8 016:727.754 JLINK_CORESIGHT_WriteAPDPReg(AP reg 0x01, 0x80011140)
T77C8 016:727.982 - 0.229ms returns 0
T77C8 016:728.008 JLINK_CORESIGHT_ReadAPDPReg(AP reg 0x03)
T77C8 016:728.323   Value=0x00000002
T77C8 016:728.355 - 0.348ms returns 0
T77C8 016:728.378 JLINK_CORESIGHT_WriteAPDPReg(AP reg 0x00, 0x80000002)
T77C8 016:728.627 - 0.249ms returns 0
T77C8 016:728.653 JLINK_CORESIGHT_WriteAPDPReg(AP reg 0x01, 0x80011120)
T77C8 016:728.890 - 0.237ms returns 0
T77C8 016:728.915 JLINK_CORESIGHT_WriteAPDPReg(AP reg 0x03, 0x00000055)
T77C8 016:729.182 - 0.267ms returns 0
T77C8 016:729.210 JLINK_CORESIGHT_WriteAPDPReg(AP reg 0x00, 0x80000002)
T77C8 016:729.637 - 0.426ms returns 0
T77C8 016:729.683 JLINK_CORESIGHT_WriteAPDPReg(AP reg 0x01, 0x80011140)
T77C8 016:729.896 - 0.213ms returns 0
T77C8 016:729.925 JLINK_CORESIGHT_ReadAPDPReg(AP reg 0x03)
T77C8 016:730.194   Value=0x00000002
T77C8 016:730.230 - 0.304ms returns 0
T77C8 016:730.262 JLINK_CORESIGHT_ReadAPDPReg(AP reg 0x03)
T77C8 016:730.490   Value=0x00000002
T77C8 016:730.530 - 0.267ms returns 0
T77C8 016:730.555 JLINK_CORESIGHT_ReadAPDPReg(AP reg 0x03)
T77C8 016:730.784   Value=0x00000002
T77C8 016:730.821 - 0.265ms returns 0
T77C8 016:730.845 JLINK_CORESIGHT_ReadAPDPReg(AP reg 0x03)
T77C8 016:731.077   Value=0x00000002
T77C8 016:731.120 - 0.275ms returns 0
T77C8 016:731.146 JLINK_CORESIGHT_ReadAPDPReg(AP reg 0x03)
T77C8 016:731.491   Value=0x00000002
T77C8 016:731.526 - 0.381ms returns 0
T77C8 016:731.554 JLINK_CORESIGHT_ReadAPDPReg(AP reg 0x03)
T77C8 016:731.829   Value=0x00000002
T77C8 016:731.864 - 0.309ms returns 0
T77C8 016:731.888 JLINK_CORESIGHT_ReadAPDPReg(AP reg 0x03)
T77C8 016:732.162   Value=0x00000002
T77C8 016:732.197 - 0.309ms returns 0
T77C8 016:732.222 JLINK_CORESIGHT_ReadAPDPReg(AP reg 0x03)
T77C8 016:732.614   Value=0x00000002
T77C8 016:732.650 - 0.427ms returns 0
T77C8 016:732.674 JLINK_CORESIGHT_ReadAPDPReg(AP reg 0x03)
T77C8 016:732.989   Value=0x00000002
T77C8 016:733.024 - 0.351ms returns 0
T77C8 016:733.048 JLINK_CORESIGHT_ReadAPDPReg(AP reg 0x03)
T77C8 016:733.325   Value=0x00000002
T77C8 016:733.358 - 0.310ms returns 0
T77C8 016:733.382 JLINK_CORESIGHT_ReadAPDPReg(AP reg 0x03)
T77C8 016:733.736   Value=0x00000002
T77C8 016:733.909 - 0.525ms returns 0
T77C8 016:733.934 JLINK_CORESIGHT_ReadAPDPReg(AP reg 0x03)
T77C8 016:734.222   Value=0x00000002
T77C8 016:734.262 - 0.329ms returns 0
T77C8 016:734.288 JLINK_CORESIGHT_ReadAPDPReg(AP reg 0x03)
T77C8 016:734.518   Value=0x00000002
T77C8 016:734.554 - 0.265ms returns 0
T77C8 016:734.578 JLINK_CORESIGHT_ReadAPDPReg(AP reg 0x03)
T77C8 016:734.914   Value=0x00000002
T77C8 016:734.949 - 0.371ms returns 0
T77C8 016:734.973 JLINK_CORESIGHT_ReadAPDPReg(AP reg 0x03)
T77C8 016:735.323   Value=0x00000002
T77C8 016:735.360 - 0.386ms returns 0
T77C8 016:735.384 JLINK_CORESIGHT_ReadAPDPReg(AP reg 0x03)
T77C8 016:735.750   Value=0x00000002
T77C8 016:735.787 - 0.403ms returns 0
T77C8 016:735.811 JLINK_CORESIGHT_ReadAPDPReg(AP reg 0x03)
T77C8 016:736.054   Value=0x00000002
T77C8 016:736.090 - 0.279ms returns 0
T77C8 016:736.114 JLINK_CORESIGHT_ReadAPDPReg(AP reg 0x03)
T77C8 016:736.339   Value=0x00000002
T77C8 016:736.374 - 0.261ms returns 0
T77C8 016:736.400 JLINK_CORESIGHT_ReadAPDPReg(AP reg 0x03)
T77C8 016:736.744   Value=0x00000002
T77C8 016:736.781 - 0.380ms returns 0
T77C8 016:736.810 JLINK_CORESIGHT_ReadAPDPReg(AP reg 0x03)
T77C8 016:737.034   Value=0x00000002
T77C8 016:737.070 - 0.261ms returns 0
T77C8 016:737.098 JLINK_CORESIGHT_ReadAPDPReg(AP reg 0x03)
T77C8 016:737.323   Value=0x00000002
T77C8 016:737.358 - 0.261ms returns 0
T77C8 016:737.386 JLINK_CORESIGHT_ReadAPDPReg(AP reg 0x03)
T77C8 016:737.624   Value=0x00000002
T77C8 016:737.659 - 0.272ms returns 0
T77C8 016:737.686 JLINK_CORESIGHT_ReadAPDPReg(AP reg 0x03)
T77C8 016:737.909   Value=0x00000002
T77C8 016:737.944 - 0.258ms returns 0
T77C8 016:737.971 JLINK_CORESIGHT_ReadAPDPReg(AP reg 0x03)
T77C8 016:738.195   Value=0x00000002
T77C8 016:738.234 - 0.262ms returns 0
T77C8 016:738.261 JLINK_CORESIGHT_ReadAPDPReg(AP reg 0x03)
T77C8 016:738.571   Value=0x00000002
T77C8 016:738.608 - 0.347ms returns 0
T77C8 016:738.637 JLINK_CORESIGHT_ReadAPDPReg(AP reg 0x03)
T77C8 016:738.864   Value=0x00000002
T77C8 016:738.899 - 0.263ms returns 0
T77C8 016:738.928 JLINK_CORESIGHT_ReadAPDPReg(AP reg 0x03)
T77C8 016:739.162   Value=0x00000002
T77C8 016:739.194 - 0.267ms returns 0
T77C8 016:739.219 JLINK_CORESIGHT_ReadAPDPReg(AP reg 0x03)
T77C8 016:739.450   Value=0x00000002
T77C8 016:739.502 - 0.282ms returns 0
T77C8 016:739.531 JLINK_CORESIGHT_ReadAPDPReg(AP reg 0x03)
T77C8 016:739.760   Value=0x00000002
T77C8 016:739.795 - 0.263ms returns 0
T77C8 016:739.822 JLINK_CORESIGHT_ReadAPDPReg(AP reg 0x03)
T77C8 016:740.050   Value=0x00000002
T77C8 016:740.085 - 0.263ms returns 0
T77C8 016:740.112 JLINK_CORESIGHT_ReadAPDPReg(AP reg 0x03)
T77C8 016:740.352   Value=0x00000002
T77C8 016:740.387 - 0.274ms returns 0
T77C8 016:740.414 JLINK_CORESIGHT_ReadAPDPReg(AP reg 0x03)
T77C8 016:740.632   Value=0x00000000
T77C8 016:740.667 - 0.253ms returns 0
T77C8 016:740.694 JLINK_CORESIGHT_WriteAPDPReg(AP reg 0x00, 0x80000002)
T77C8 016:740.891 - 0.196ms returns 0
T77C8 016:740.920 JLINK_CORESIGHT_WriteAPDPReg(AP reg 0x01, 0x80011130)
T77C8 016:741.274 - 0.353ms returns 0
T77C8 016:741.302 JLINK_CORESIGHT_ReadAPDPReg(AP reg 0x03)
T77C8 016:741.560   Value=0x000000C6
T77C8 016:741.595 - 0.292ms returns 0
T77C8 016:743.200 JLINK_CORESIGHT_WriteAPDPReg(AP reg 0x00, 0x80000002)
T77C8 016:743.429 - 0.229ms returns 0
T77C8 016:743.466 JLINK_CORESIGHT_WriteAPDPReg(AP reg 0x01, 0x80011140)
T77C8 016:743.646 - 0.179ms returns 0
T77C8 016:743.674 JLINK_CORESIGHT_ReadAPDPReg(AP reg 0x03)
T77C8 016:744.378   Value=0x00000002
T77C8 016:744.430 - 0.757ms returns 0
T77C8 016:744.456 JLINK_CORESIGHT_WriteAPDPReg(AP reg 0x00, 0x80000002)
T77C8 016:744.637 - 0.181ms returns 0
T77C8 016:744.662 JLINK_CORESIGHT_WriteAPDPReg(AP reg 0x01, 0x80011120)
T77C8 016:744.883 - 0.221ms returns 0
T77C8 016:744.907 JLINK_CORESIGHT_WriteAPDPReg(AP reg 0x03, 0x3A010001)
T77C8 016:745.078 - 0.171ms returns 0
T77C8 016:745.102 JLINK_CORESIGHT_WriteAPDPReg(AP reg 0x00, 0x80000002)
T77C8 016:745.274 - 0.170ms returns 0
T77C8 016:745.298 JLINK_CORESIGHT_WriteAPDPReg(AP reg 0x01, 0x80011140)
T77C8 016:745.474 - 0.175ms returns 0
T77C8 016:745.499 JLINK_CORESIGHT_ReadAPDPReg(AP reg 0x03)
T77C8 016:745.725   Value=0x00000002
T77C8 016:745.760 - 0.261ms returns 0
T77C8 016:745.786 JLINK_CORESIGHT_WriteAPDPReg(AP reg 0x00, 0x80000002)
T77C8 016:745.984 - 0.199ms returns 0
T77C8 016:746.011 JLINK_CORESIGHT_WriteAPDPReg(AP reg 0x01, 0x80011120)
T77C8 016:746.309 - 0.298ms returns 0
T77C8 016:746.334 JLINK_CORESIGHT_WriteAPDPReg(AP reg 0x03, 0x000003C5)
T77C8 016:746.610 - 0.274ms returns 0
T77C8 016:746.635 JLINK_CORESIGHT_WriteAPDPReg(AP reg 0x00, 0x80000002)
T77C8 016:746.832 - 0.197ms returns 0
T77C8 016:746.861 JLINK_CORESIGHT_WriteAPDPReg(AP reg 0x01, 0x80011140)
T77C8 016:747.064 - 0.203ms returns 0
T77C8 016:747.090 JLINK_CORESIGHT_ReadAPDPReg(AP reg 0x03)
T77C8 016:747.325   Value=0x00000000
T77C8 016:747.360 - 0.269ms returns 0
T77C8 016:747.384 JLINK_CORESIGHT_WriteAPDPReg(AP reg 0x00, 0x80000002)
T77C8 016:747.798 - 0.414ms returns 0
T77C8 016:747.842 JLINK_CORESIGHT_WriteAPDPReg(AP reg 0x01, 0x80011130)
T77C8 016:748.024 - 0.182ms returns 0
T77C8 016:748.051 JLINK_CORESIGHT_ReadAPDPReg(AP reg 0x03)
T77C8 016:748.384   Value=0x3A2A0081
T77C8 016:748.419 - 0.368ms returns 0
T77C8 016:748.445 JLINK_CORESIGHT_WriteAPDPReg(AP reg 0x00, 0x80000002)
T77C8 016:748.619 - 0.174ms returns 0
T77C8 016:748.643 JLINK_CORESIGHT_WriteAPDPReg(AP reg 0x01, 0x80011140)
T77C8 016:748.821 - 0.177ms returns 0
T77C8 016:748.845 JLINK_CORESIGHT_ReadAPDPReg(AP reg 0x03)
T77C8 016:749.069   Value=0x00000000
T77C8 016:749.101 - 0.257ms returns 0
T77C8 016:749.123 JLINK_CORESIGHT_WriteAPDPReg(AP reg 0x00, 0x80000002)
T77C8 016:749.296 - 0.171ms returns 0
T77C8 016:749.322 JLINK_CORESIGHT_WriteAPDPReg(AP reg 0x01, 0x80011130)
T77C8 016:749.589 - 0.268ms returns 0
T77C8 016:749.618 JLINK_CORESIGHT_ReadAPDPReg(AP reg 0x03)
T77C8 016:749.846   Value=0x808D5B00
T77C8 016:749.885 - 0.267ms returns 0
T77C8 016:749.907 JLINK_CORESIGHT_WriteAPDPReg(AP reg 0x00, 0x80000002)
T77C8 016:750.086 - 0.178ms returns 0
T77C8 016:750.114 JLINK_CORESIGHT_WriteAPDPReg(AP reg 0x01, 0x80011140)
T77C8 016:750.285 - 0.171ms returns 0
T77C8 016:750.310 JLINK_CORESIGHT_ReadAPDPReg(AP reg 0x03)
T77C8 016:750.774   Value=0x00000000
T77C8 016:750.813 - 0.501ms returns 0
T77C8 016:750.838 JLINK_CORESIGHT_WriteAPDPReg(AP reg 0x00, 0x80000002)
T77C8 016:751.021 - 0.183ms returns 0
T77C8 016:751.048 JLINK_CORESIGHT_WriteAPDPReg(AP reg 0x01, 0x80011130)
T77C8 016:751.274 - 0.225ms returns 0
T77C8 016:751.296 JLINK_CORESIGHT_ReadAPDPReg(AP reg 0x03)
T77C8 016:751.520   Value=0x0406070A
T77C8 016:751.555 - 0.258ms returns 0
T77C8 016:751.579 JLINK_CORESIGHT_WriteAPDPReg(AP reg 0x00, 0x80000002)
T77C8 016:751.754 - 0.175ms returns 0
T77C8 016:751.778 JLINK_CORESIGHT_WriteAPDPReg(AP reg 0x01, 0x80011140)
T77C8 016:752.010 - 0.232ms returns 0
T77C8 016:752.035 JLINK_CORESIGHT_ReadAPDPReg(AP reg 0x03)
T77C8 016:752.325   Value=0x00000000
T77C8 016:752.360 - 0.324ms returns 0
T77C8 016:752.384 JLINK_CORESIGHT_WriteAPDPReg(AP reg 0x00, 0x80000002)
T77C8 016:752.560 - 0.175ms returns 0
T77C8 016:752.586 JLINK_CORESIGHT_WriteAPDPReg(AP reg 0x01, 0x80011130)
T77C8 016:752.890 - 0.303ms returns 0
T77C8 016:752.914 JLINK_CORESIGHT_ReadAPDPReg(AP reg 0x03)
T77C8 016:753.219   Value=0x3254540B
T77C8 016:753.251 - 0.338ms returns 0
T77C8 016:753.275 JLINK_CORESIGHT_WriteAPDPReg(AP reg 0x00, 0x80000002)
T77C8 016:753.448 - 0.174ms returns 0
T77C8 016:753.474 JLINK_CORESIGHT_WriteAPDPReg(AP reg 0x01, 0x80011140)
T77C8 016:753.645 - 0.170ms returns 0
T77C8 016:753.670 JLINK_CORESIGHT_ReadAPDPReg(AP reg 0x03)
T77C8 016:753.931   Value=0x00000000
T77C8 016:753.978 - 0.306ms returns 0
T77C8 016:754.003 JLINK_CORESIGHT_WriteAPDPReg(AP reg 0x00, 0x80000002)
T77C8 016:754.198 - 0.195ms returns 0
T77C8 016:754.226 JLINK_CORESIGHT_WriteAPDPReg(AP reg 0x01, 0x80011130)
T77C8 016:754.400 - 0.174ms returns 0
T77C8 016:754.426 JLINK_CORESIGHT_ReadAPDPReg(AP reg 0x03)
T77C8 016:754.654   Value=0x544AEB59
T77C8 016:754.690 - 0.263ms returns 0
T77C8 016:754.714 JLINK_CORESIGHT_WriteAPDPReg(AP reg 0x00, 0x80000002)
T77C8 016:754.888 - 0.175ms returns 0
T77C8 016:754.915 JLINK_CORESIGHT_WriteAPDPReg(AP reg 0x01, 0x80011140)
T77C8 016:755.163 - 0.248ms returns 0
T77C8 016:755.189 JLINK_CORESIGHT_ReadAPDPReg(AP reg 0x03)
T77C8 016:755.414   Value=0x00000000
T77C8 016:755.446 - 0.257ms returns 0
T77C8 016:755.469 JLINK_CORESIGHT_WriteAPDPReg(AP reg 0x00, 0x80000002)
T77C8 016:755.645 - 0.176ms returns 0
T77C8 016:755.669 JLINK_CORESIGHT_WriteAPDPReg(AP reg 0x01, 0x80011130)
T77C8 016:755.930 - 0.261ms returns 0
T77C8 016:755.958 JLINK_CORESIGHT_ReadAPDPReg(AP reg 0x03)
T77C8 016:756.197   Value=0x34325736
T77C8 016:756.232 - 0.274ms returns 0
T77C8 016:756.256 JLINK_CORESIGHT_WriteAPDPReg(AP reg 0x00, 0x80000002)
T77C8 016:756.429 - 0.172ms returns 0
T77C8 016:756.453 JLINK_CORESIGHT_WriteAPDPReg(AP reg 0x01, 0x80011140)
T77C8 016:756.624 - 0.171ms returns 0
T77C8 016:756.648 JLINK_CORESIGHT_ReadAPDPReg(AP reg 0x03)
T77C8 016:756.869   Value=0x00000000
T77C8 016:756.901 - 0.253ms returns 0
T77C8 016:756.923 JLINK_CORESIGHT_WriteAPDPReg(AP reg 0x00, 0x80000002)
T77C8 016:757.163 - 0.239ms returns 0
T77C8 016:757.192 JLINK_CORESIGHT_WriteAPDPReg(AP reg 0x01, 0x80011130)
T77C8 016:757.370 - 0.179ms returns 0
T77C8 016:757.394 JLINK_CORESIGHT_ReadAPDPReg(AP reg 0x03)
T77C8 016:757.619   Value=0x72082D30
T77C8 016:757.654 - 0.261ms returns 0
T77C8 016:757.678 JLINK_CORESIGHT_WriteAPDPReg(AP reg 0x00, 0x80000002)
T77C8 016:757.854 - 0.175ms returns 0
T77C8 016:757.880 JLINK_CORESIGHT_WriteAPDPReg(AP reg 0x01, 0x80011140)
T77C8 016:758.054 - 0.174ms returns 0
T77C8 016:758.080 JLINK_CORESIGHT_ReadAPDPReg(AP reg 0x03)
T77C8 016:758.435   Value=0x00000000
T77C8 016:758.490 - 0.409ms returns 0
T77C8 016:758.514 JLINK_CORESIGHT_WriteAPDPReg(AP reg 0x00, 0x80000002)
T77C8 016:758.760 - 0.245ms returns 0
T77C8 016:758.800 JLINK_CORESIGHT_WriteAPDPReg(AP reg 0x01, 0x80011130)
T77C8 016:759.166 - 0.365ms returns 0
T77C8 016:759.211 JLINK_CORESIGHT_ReadAPDPReg(AP reg 0x03)
T77C8 016:759.533   Value=0x4B375279
T77C8 016:759.586 - 0.373ms returns 0
T77C8 016:759.610 JLINK_CORESIGHT_WriteAPDPReg(AP reg 0x00, 0x80000002)
T77C8 016:759.914 - 0.304ms returns 0
T77C8 016:759.942 JLINK_CORESIGHT_WriteAPDPReg(AP reg 0x01, 0x80011140)
T77C8 016:760.293 - 0.350ms returns 0
T77C8 016:760.338 JLINK_CORESIGHT_ReadAPDPReg(AP reg 0x03)
T77C8 016:760.803   Value=0x00000000
T77C8 016:760.883 - 0.545ms returns 0
T77C8 016:760.909 JLINK_CORESIGHT_WriteAPDPReg(AP reg 0x00, 0x80000002)
T77C8 016:761.165 - 0.255ms returns 0
T77C8 016:761.203 JLINK_CORESIGHT_WriteAPDPReg(AP reg 0x01, 0x80011130)
T77C8 016:761.435 - 0.231ms returns 0
T77C8 016:761.462 JLINK_CORESIGHT_ReadAPDPReg(AP reg 0x03)
T77C8 016:761.690   Value=0x31503841
T77C8 016:761.722 - 0.260ms returns 0
T77C8 016:761.746 JLINK_CORESIGHT_WriteAPDPReg(AP reg 0x00, 0x80000002)
T77C8 016:761.920 - 0.174ms returns 0
T77C8 016:761.942 JLINK_CORESIGHT_WriteAPDPReg(AP reg 0x01, 0x80011140)
T77C8 016:762.162 - 0.219ms returns 0
T77C8 016:762.187 JLINK_CORESIGHT_ReadAPDPReg(AP reg 0x03)
T77C8 016:762.410   Value=0x00000000
T77C8 016:762.442 - 0.254ms returns 0
T77C8 016:762.464 JLINK_CORESIGHT_WriteAPDPReg(AP reg 0x00, 0x80000002)
T77C8 016:762.634 - 0.170ms returns 0
T77C8 016:762.658 JLINK_CORESIGHT_WriteAPDPReg(AP reg 0x01, 0x80011130)
T77C8 016:762.878 - 0.220ms returns 0
T77C8 016:762.917 JLINK_CORESIGHT_ReadAPDPReg(AP reg 0x03)
T77C8 016:763.163   Value=0x434C464B
T77C8 016:763.200 - 0.284ms returns 0
T77C8 016:763.224 JLINK_CORESIGHT_WriteAPDPReg(AP reg 0x00, 0x80000002)
T77C8 016:763.400 - 0.175ms returns 0
T77C8 016:763.426 JLINK_CORESIGHT_WriteAPDPReg(AP reg 0x01, 0x80011140)
T77C8 016:763.606 - 0.181ms returns 0
T77C8 016:763.662 JLINK_CORESIGHT_ReadAPDPReg(AP reg 0x03)
T77C8 016:763.885   Value=0x00000000
T77C8 016:763.920 - 0.258ms returns 0
T77C8 016:763.946 JLINK_CORESIGHT_WriteAPDPReg(AP reg 0x00, 0x80000002)
T77C8 016:764.163 - 0.217ms returns 0
T77C8 016:764.189 JLINK_CORESIGHT_WriteAPDPReg(AP reg 0x01, 0x80011130)
T77C8 016:764.506 - 0.316ms returns 0
T77C8 016:764.531 JLINK_CORESIGHT_ReadAPDPReg(AP reg 0x03)
T77C8 016:764.776   Value=0x20204341
T77C8 016:764.811 - 0.279ms returns 0
T77C8 016:764.835 JLINK_CORESIGHT_WriteAPDPReg(AP reg 0x00, 0x80000002)
T77C8 016:765.054 - 0.220ms returns 0
T77C8 016:765.099 JLINK_CORESIGHT_WriteAPDPReg(AP reg 0x01, 0x80011140)
T77C8 016:765.360 - 0.259ms returns 0
T77C8 016:765.403 JLINK_CORESIGHT_ReadAPDPReg(AP reg 0x03)
T77C8 016:765.637   Value=0x00000000
T77C8 016:765.677 - 0.274ms returns 0
T77C8 016:765.702 JLINK_CORESIGHT_WriteAPDPReg(AP reg 0x00, 0x80000002)
T77C8 016:765.880 - 0.177ms returns 0
T77C8 016:765.906 JLINK_CORESIGHT_WriteAPDPReg(AP reg 0x01, 0x80011130)
T77C8 016:766.080 - 0.174ms returns 0
T77C8 016:766.104 JLINK_CORESIGHT_ReadAPDPReg(AP reg 0x03)
T77C8 016:766.325   Value=0x00033D20
T77C8 016:766.357 - 0.253ms returns 0
T77C8 016:767.350 JLINK_CORESIGHT_WriteAPDPReg(AP reg 0x00, 0x80000002)
T77C8 016:767.781 - 0.433ms returns 0
T77C8 016:767.811 JLINK_CORESIGHT_WriteAPDPReg(AP reg 0x01, 0x80011140)
T77C8 016:768.082 - 0.267ms returns 0
T77C8 016:768.142 JLINK_CORESIGHT_ReadAPDPReg(AP reg 0x03)
T77C8 016:768.461   Value=0x00000002
T77C8 016:768.501 - 0.358ms returns 0
T77C8 016:768.531 JLINK_CORESIGHT_WriteAPDPReg(AP reg 0x00, 0x80000002)
T77C8 016:768.765 - 0.233ms returns 0
T77C8 016:768.794 JLINK_CORESIGHT_WriteAPDPReg(AP reg 0x01, 0x80011120)
T77C8 016:768.970 - 0.176ms returns 0
T77C8 016:769.000 JLINK_CORESIGHT_WriteAPDPReg(AP reg 0x03, 0x39020001)
T77C8 016:769.194 - 0.193ms returns 0
T77C8 016:769.219 JLINK_CORESIGHT_WriteAPDPReg(AP reg 0x00, 0x80000002)
T77C8 016:769.395 - 0.175ms returns 0
T77C8 016:769.421 JLINK_CORESIGHT_WriteAPDPReg(AP reg 0x01, 0x80011140)
T77C8 016:769.594 - 0.172ms returns 0
T77C8 016:769.621 JLINK_CORESIGHT_ReadAPDPReg(AP reg 0x03)
T77C8 016:769.845   Value=0x00000002
T77C8 016:769.880 - 0.259ms returns 0
T77C8 016:769.907 JLINK_CORESIGHT_WriteAPDPReg(AP reg 0x00, 0x80000002)
T77C8 016:770.080 - 0.172ms returns 0
T77C8 016:770.109 JLINK_CORESIGHT_WriteAPDPReg(AP reg 0x01, 0x80011120)
T77C8 016:770.280 - 0.172ms returns 0
T77C8 016:770.312 JLINK_CORESIGHT_WriteAPDPReg(AP reg 0x03, 0x0003B312)
T77C8 016:770.490 - 0.177ms returns 0
T77C8 016:770.522 JLINK_CORESIGHT_WriteAPDPReg(AP reg 0x00, 0x80000002)
T77C8 016:770.845 - 0.324ms returns 0
T77C8 016:770.872 JLINK_CORESIGHT_WriteAPDPReg(AP reg 0x01, 0x80011140)
T77C8 016:771.194 - 0.321ms returns 0
T77C8 016:771.229 JLINK_CORESIGHT_ReadAPDPReg(AP reg 0x03)
T77C8 016:771.461   Value=0x00000000
T77C8 016:771.499 - 0.271ms returns 0
T77C8 016:771.526 JLINK_CORESIGHT_WriteAPDPReg(AP reg 0x00, 0x80000002)
T77C8 016:771.704 - 0.177ms returns 0
T77C8 016:771.731 JLINK_CORESIGHT_WriteAPDPReg(AP reg 0x01, 0x80011130)
T77C8 016:771.955 - 0.223ms returns 0
T77C8 016:772.002 JLINK_CORESIGHT_ReadAPDPReg(AP reg 0x03)
T77C8 016:772.246   Value=0xB90A0081
T77C8 016:772.283 - 0.281ms returns 0
T77C8 016:772.309 JLINK_CORESIGHT_WriteAPDPReg(AP reg 0x00, 0x80000002)
T77C8 016:772.488 - 0.179ms returns 0
T77C8 016:772.517 JLINK_CORESIGHT_WriteAPDPReg(AP reg 0x01, 0x80011140)
T77C8 016:772.694 - 0.177ms returns 0
T77C8 016:772.723 JLINK_CORESIGHT_ReadAPDPReg(AP reg 0x03)
T77C8 016:772.971   Value=0x00000000
T77C8 016:773.005 - 0.282ms returns 0
T77C8 016:773.032 JLINK_CORESIGHT_WriteAPDPReg(AP reg 0x00, 0x80000002)
T77C8 016:773.274 - 0.242ms returns 0
T77C8 016:773.302 JLINK_CORESIGHT_WriteAPDPReg(AP reg 0x01, 0x80011130)
T77C8 016:773.475 - 0.172ms returns 0
T77C8 016:773.504 JLINK_CORESIGHT_ReadAPDPReg(AP reg 0x03)
T77C8 016:773.874   Value=0xFFFFFFC0
T77C8 016:773.907 - 0.403ms returns 0
T77C8 016:773.933 JLINK_CORESIGHT_WriteAPDPReg(AP reg 0x00, 0x80000002)
T77C8 016:774.163 - 0.230ms returns 0
T77C8 016:774.192 JLINK_CORESIGHT_WriteAPDPReg(AP reg 0x01, 0x80011140)
T77C8 016:774.365 - 0.174ms returns 0
T77C8 016:774.394 JLINK_CORESIGHT_ReadAPDPReg(AP reg 0x03)
T77C8 016:774.614   Value=0x00000000
T77C8 016:774.646 - 0.253ms returns 0
T77C8 016:774.672 JLINK_CORESIGHT_WriteAPDPReg(AP reg 0x00, 0x80000002)
T77C8 016:774.843 - 0.172ms returns 0
T77C8 016:774.870 JLINK_CORESIGHT_WriteAPDPReg(AP reg 0x01, 0x80011130)
T77C8 016:775.040 - 0.170ms returns 0
T77C8 016:775.066 JLINK_CORESIGHT_ReadAPDPReg(AP reg 0x03)
T77C8 016:775.325   Value=0xFFFFFFFF
T77C8 016:775.358 - 0.291ms returns 0
T77C8 016:775.382 JLINK_CORESIGHT_WriteAPDPReg(AP reg 0x00, 0x80000002)
T77C8 016:775.579 - 0.196ms returns 0
T77C8 016:775.611 JLINK_CORESIGHT_WriteAPDPReg(AP reg 0x01, 0x80011140)
T77C8 016:775.786 - 0.173ms returns 0
T77C8 016:775.814 JLINK_CORESIGHT_ReadAPDPReg(AP reg 0x03)
T77C8 016:776.040   Value=0x00000000
T77C8 016:776.075 - 0.262ms returns 0
T77C8 016:776.102 JLINK_CORESIGHT_WriteAPDPReg(AP reg 0x00, 0x80000002)
T77C8 016:776.275 - 0.172ms returns 0
T77C8 016:776.304 JLINK_CORESIGHT_WriteAPDPReg(AP reg 0x01, 0x80011130)
T77C8 016:776.486 - 0.182ms returns 0
T77C8 016:776.515 JLINK_CORESIGHT_ReadAPDPReg(AP reg 0x03)
T77C8 016:776.974   Value=0x000385FF
T77C8 016:777.091 - 0.575ms returns 0
T77C8 016:777.508 JLINK_CORESIGHT_WriteAPDPReg(AP reg 0x00, 0x80000002)
T77C8 016:777.706 - 0.196ms returns 0
T77C8 016:777.740 JLINK_CORESIGHT_WriteAPDPReg(AP reg 0x01, 0x80011140)
T77C8 016:777.916 - 0.174ms returns 0
T77C8 016:777.940 JLINK_CORESIGHT_ReadAPDPReg(AP reg 0x03)
T77C8 016:778.164   Value=0x00000002
T77C8 016:778.198 - 0.258ms returns 0
T77C8 016:778.224 JLINK_CORESIGHT_WriteAPDPReg(AP reg 0x00, 0x80000002)
T77C8 016:778.400 - 0.175ms returns 0
T77C8 016:778.426 JLINK_CORESIGHT_WriteAPDPReg(AP reg 0x01, 0x80011120)
T77C8 016:778.662 - 0.236ms returns 0
T77C8 016:778.708 JLINK_CORESIGHT_WriteAPDPReg(AP reg 0x03, 0x2C010001)
T77C8 016:778.884 - 0.177ms returns 0
T77C8 016:778.912 JLINK_CORESIGHT_WriteAPDPReg(AP reg 0x00, 0x80000002)
T77C8 016:779.086 - 0.174ms returns 0
T77C8 016:779.112 JLINK_CORESIGHT_WriteAPDPReg(AP reg 0x01, 0x80011140)
T77C8 016:779.284 - 0.174ms returns 0
T77C8 016:779.312 JLINK_CORESIGHT_ReadAPDPReg(AP reg 0x03)
T77C8 016:779.540   Value=0x00000002
T77C8 016:779.572 - 0.261ms returns 0
T77C8 016:779.596 JLINK_CORESIGHT_WriteAPDPReg(AP reg 0x00, 0x80000002)
T77C8 016:779.770 - 0.174ms returns 0
T77C8 016:779.794 JLINK_CORESIGHT_WriteAPDPReg(AP reg 0x01, 0x80011120)
T77C8 016:779.998 - 0.204ms returns 0
T77C8 016:780.034 JLINK_CORESIGHT_WriteAPDPReg(AP reg 0x03, 0x000003D3)
T77C8 016:780.300 - 0.266ms returns 0
T77C8 016:780.330 JLINK_CORESIGHT_WriteAPDPReg(AP reg 0x00, 0x80000002)
T77C8 016:780.734 - 0.403ms returns 0
T77C8 016:780.762 JLINK_CORESIGHT_WriteAPDPReg(AP reg 0x01, 0x80011140)
T77C8 016:780.952 - 0.190ms returns 0
T77C8 016:780.980 JLINK_CORESIGHT_ReadAPDPReg(AP reg 0x03)
T77C8 016:781.226   Value=0x00000002
T77C8 016:781.268 - 0.287ms returns 0
T77C8 016:781.292 JLINK_CORESIGHT_ReadAPDPReg(AP reg 0x03)
T77C8 016:781.524   Value=0x00000002
T77C8 016:781.564 - 0.272ms returns 0
T77C8 016:781.590 JLINK_CORESIGHT_ReadAPDPReg(AP reg 0x03)
T77C8 016:781.826   Value=0x00000002
T77C8 016:781.862 - 0.271ms returns 0
T77C8 016:781.886 JLINK_CORESIGHT_ReadAPDPReg(AP reg 0x03)
T77C8 016:782.164   Value=0x00000002
T77C8 016:782.198 - 0.312ms returns 0
T77C8 016:782.224 JLINK_CORESIGHT_ReadAPDPReg(AP reg 0x03)
T77C8 016:782.448   Value=0x00000002
T77C8 016:782.484 - 0.259ms returns 0
T77C8 016:782.508 JLINK_CORESIGHT_ReadAPDPReg(AP reg 0x03)
T77C8 016:782.732   Value=0x00000002
T77C8 016:782.768 - 0.260ms returns 0
T77C8 016:782.794 JLINK_CORESIGHT_ReadAPDPReg(AP reg 0x03)
T77C8 016:783.070   Value=0x00000002
T77C8 016:783.108 - 0.314ms returns 0
T77C8 016:783.132 JLINK_CORESIGHT_ReadAPDPReg(AP reg 0x03)
T77C8 016:783.522   Value=0x00000002
T77C8 016:783.558 - 0.426ms returns 0
T77C8 016:783.582 JLINK_CORESIGHT_ReadAPDPReg(AP reg 0x03)
T77C8 016:783.830   Value=0x00000002
T77C8 016:783.864 - 0.281ms returns 0
T77C8 016:783.886 JLINK_CORESIGHT_ReadAPDPReg(AP reg 0x03)
T77C8 016:784.164   Value=0x00000002
T77C8 016:784.196 - 0.310ms returns 0
T77C8 016:784.220 JLINK_CORESIGHT_ReadAPDPReg(AP reg 0x03)
T77C8 016:784.502   Value=0x00000000
T77C8 016:784.556 - 0.338ms returns 0
T77C8 016:784.584 JLINK_CORESIGHT_WriteAPDPReg(AP reg 0x00, 0x80000002)
T77C8 016:784.764 - 0.181ms returns 0
T77C8 016:784.792 JLINK_CORESIGHT_WriteAPDPReg(AP reg 0x01, 0x80011130)
T77C8 016:784.966 - 0.174ms returns 0
T77C8 016:784.992 JLINK_CORESIGHT_ReadAPDPReg(AP reg 0x03)
T77C8 016:785.220   Value=0x2C020081
T77C8 016:785.252 - 0.260ms returns 0
T77C8 016:785.282 JLINK_CORESIGHT_WriteAPDPReg(AP reg 0x00, 0x80000002)
T77C8 016:785.456 - 0.173ms returns 0
T77C8 016:785.480 JLINK_CORESIGHT_WriteAPDPReg(AP reg 0x01, 0x80011140)
T77C8 016:785.650 - 0.170ms returns 0
T77C8 016:785.676 JLINK_CORESIGHT_ReadAPDPReg(AP reg 0x03)
T77C8 016:785.896   Value=0x00000000
T77C8 016:785.928 - 0.253ms returns 0
T77C8 016:785.950 JLINK_CORESIGHT_WriteAPDPReg(AP reg 0x00, 0x80000002)
T77C8 016:786.172 - 0.220ms returns 0
T77C8 016:786.196 JLINK_CORESIGHT_WriteAPDPReg(AP reg 0x01, 0x80011130)
T77C8 016:786.490 - 0.291ms returns 0
T77C8 016:786.534 JLINK_CORESIGHT_ReadAPDPReg(AP reg 0x03)
T77C8 016:786.760   Value=0x0003CE04
T77C8 016:786.794 - 0.259ms returns 0
T77C8 016:786.820 JLINK_CORESIGHT_WriteAPDPReg(AP reg 0x00, 0x80000002)
T77C8 016:787.040 - 0.222ms returns 0
T77C8 016:787.068 JLINK_CORESIGHT_WriteAPDPReg(AP reg 0x01, 0x80011140)
T77C8 016:787.274 - 0.207ms returns 0
T77C8 016:787.298 JLINK_CORESIGHT_ReadAPDPReg(AP reg 0x03)
T77C8 016:787.520   Value=0x00000002
T77C8 016:787.554 - 0.255ms returns 0
T77C8 016:787.576 JLINK_CORESIGHT_WriteAPDPReg(AP reg 0x00, 0x80000002)
T77C8 016:787.746 - 0.170ms returns 0
T77C8 016:787.772 JLINK_CORESIGHT_WriteAPDPReg(AP reg 0x01, 0x80011120)
T77C8 016:787.946 - 0.174ms returns 0
T77C8 016:787.972 JLINK_CORESIGHT_WriteAPDPReg(AP reg 0x03, 0x73010001)
T77C8 016:788.200 - 0.228ms returns 0
T77C8 016:788.228 JLINK_CORESIGHT_WriteAPDPReg(AP reg 0x00, 0x80000002)
T77C8 016:788.402 - 0.174ms returns 0
T77C8 016:788.428 JLINK_CORESIGHT_WriteAPDPReg(AP reg 0x01, 0x80011140)
T77C8 016:788.602 - 0.174ms returns 0
T77C8 016:788.628 JLINK_CORESIGHT_ReadAPDPReg(AP reg 0x03)
T77C8 016:788.852   Value=0x00000002
T77C8 016:788.886 - 0.259ms returns 0
T77C8 016:788.910 JLINK_CORESIGHT_WriteAPDPReg(AP reg 0x00, 0x80000002)
T77C8 016:789.168 - 0.257ms returns 0
T77C8 016:789.192 JLINK_CORESIGHT_WriteAPDPReg(AP reg 0x01, 0x80011120)
T77C8 016:789.364 - 0.172ms returns 0
T77C8 016:789.388 JLINK_CORESIGHT_WriteAPDPReg(AP reg 0x03, 0x0000038C)
T77C8 016:789.560 - 0.172ms returns 0
T77C8 016:789.584 JLINK_CORESIGHT_WriteAPDPReg(AP reg 0x00, 0x80000002)
T77C8 016:789.812 - 0.227ms returns 0
T77C8 016:789.836 JLINK_CORESIGHT_WriteAPDPReg(AP reg 0x01, 0x80011140)
T77C8 016:790.012 - 0.173ms returns 0
T77C8 016:790.036 JLINK_CORESIGHT_ReadAPDPReg(AP reg 0x03)
T77C8 016:790.332   Value=0x00000002
T77C8 016:790.396 - 0.359ms returns 0
T77C8 016:790.428 JLINK_CORESIGHT_ReadAPDPReg(AP reg 0x03)
T77C8 016:790.664   Value=0x00000002
T77C8 016:790.708 - 0.279ms returns 0
T77C8 016:790.732 JLINK_CORESIGHT_ReadAPDPReg(AP reg 0x03)
T77C8 016:791.082   Value=0x00000002
T77C8 016:791.116 - 0.385ms returns 0
T77C8 016:791.140 JLINK_CORESIGHT_ReadAPDPReg(AP reg 0x03)
T77C8 016:791.376   Value=0x00000002
T77C8 016:791.412 - 0.269ms returns 0
T77C8 016:791.436 JLINK_CORESIGHT_ReadAPDPReg(AP reg 0x03)
T77C8 016:791.660   Value=0x00000002
T77C8 016:791.692 - 0.257ms returns 0
T77C8 016:791.718 JLINK_CORESIGHT_ReadAPDPReg(AP reg 0x03)
T77C8 016:791.990   Value=0x00000002
T77C8 016:792.026 - 0.308ms returns 0
T77C8 016:792.050 JLINK_CORESIGHT_ReadAPDPReg(AP reg 0x03)
T77C8 016:792.326   Value=0x00000002
T77C8 016:792.364 - 0.313ms returns 0
T77C8 016:792.388 JLINK_CORESIGHT_ReadAPDPReg(AP reg 0x03)
T77C8 016:792.636   Value=0x00000002
T77C8 016:792.672 - 0.284ms returns 0
T77C8 016:792.696 JLINK_CORESIGHT_ReadAPDPReg(AP reg 0x03)
T77C8 016:792.922   Value=0x00000002
T77C8 016:792.956 - 0.259ms returns 0
T77C8 016:792.980 JLINK_CORESIGHT_ReadAPDPReg(AP reg 0x03)
T77C8 016:793.196   Value=0x00000002
T77C8 016:793.228 - 0.247ms returns 0
T77C8 016:793.252 JLINK_CORESIGHT_ReadAPDPReg(AP reg 0x03)
T77C8 016:793.476   Value=0x00000002
T77C8 016:793.510 - 0.260ms returns 0
T77C8 016:793.534 JLINK_CORESIGHT_ReadAPDPReg(AP reg 0x03)
T77C8 016:793.762   Value=0x00000002
T77C8 016:793.804 - 0.268ms returns 0
T77C8 016:793.828 JLINK_CORESIGHT_ReadAPDPReg(AP reg 0x03)
T77C8 016:794.052   Value=0x00000000
T77C8 016:794.134 - 0.307ms returns 0
T77C8 016:794.168 JLINK_CORESIGHT_WriteAPDPReg(AP reg 0x00, 0x80000002)
T77C8 016:794.346 - 0.177ms returns 0
T77C8 016:794.372 JLINK_CORESIGHT_WriteAPDPReg(AP reg 0x01, 0x80011130)
T77C8 016:794.548 - 0.175ms returns 0
T77C8 016:794.572 JLINK_CORESIGHT_ReadAPDPReg(AP reg 0x03)
T77C8 016:794.910   Value=0x73020081
T77C8 016:794.946 - 0.373ms returns 0
T77C8 016:794.970 JLINK_CORESIGHT_WriteAPDPReg(AP reg 0x00, 0x80000002)
T77C8 016:795.290 - 0.319ms returns 0
T77C8 016:795.336 JLINK_CORESIGHT_WriteAPDPReg(AP reg 0x01, 0x80011140)
T77C8 016:795.516 - 0.180ms returns 0
T77C8 016:795.540 JLINK_CORESIGHT_ReadAPDPReg(AP reg 0x03)
T77C8 016:795.868   Value=0x00000000
T77C8 016:795.918 - 0.378ms returns 0
T77C8 016:795.944 JLINK_CORESIGHT_WriteAPDPReg(AP reg 0x00, 0x80000002)
T77C8 016:796.162 - 0.217ms returns 0
T77C8 016:796.190 JLINK_CORESIGHT_WriteAPDPReg(AP reg 0x01, 0x80011130)
T77C8 016:796.366 - 0.176ms returns 0
T77C8 016:796.392 JLINK_CORESIGHT_ReadAPDPReg(AP reg 0x03)
T77C8 016:796.674   Value=0x00038902
T77C8 016:796.710 - 0.319ms returns 0
T77C8 016:796.736 JLINK_CORESIGHT_WriteAPDPReg(AP reg 0x00, 0x80000002)
T77C8 016:797.020 - 0.283ms returns 0
T77C8 016:797.046 JLINK_CORESIGHT_WriteAPDPReg(AP reg 0x01, 0x80011140)
T77C8 016:797.460 - 0.414ms returns 0
T77C8 016:797.508 JLINK_CORESIGHT_ReadAPDPReg(AP reg 0x03)
T77C8 016:797.748   Value=0x00000002
T77C8 016:797.780 - 0.275ms returns 0
T77C8 016:797.804 JLINK_CORESIGHT_WriteAPDPReg(AP reg 0x00, 0x80000002)
T77C8 016:798.038 - 0.234ms returns 0
T77C8 016:798.064 JLINK_CORESIGHT_WriteAPDPReg(AP reg 0x01, 0x80011120)
T77C8 016:798.276 - 0.210ms returns 0
T77C8 016:798.300 JLINK_CORESIGHT_WriteAPDPReg(AP reg 0x03, 0x75010001)
T77C8 016:798.476 - 0.175ms returns 0
T77C8 016:798.502 JLINK_CORESIGHT_WriteAPDPReg(AP reg 0x00, 0x80000002)
T77C8 016:798.674 - 0.172ms returns 0
T77C8 016:798.698 JLINK_CORESIGHT_WriteAPDPReg(AP reg 0x01, 0x80011140)
T77C8 016:798.878 - 0.180ms returns 0
T77C8 016:798.916 JLINK_CORESIGHT_ReadAPDPReg(AP reg 0x03)
T77C8 016:799.458   Value=0x00000002
T77C8 016:799.496 - 0.581ms returns 0
T77C8 016:799.520 JLINK_CORESIGHT_WriteAPDPReg(AP reg 0x00, 0x80000002)
T77C8 016:799.732 - 0.212ms returns 0
T77C8 016:799.760 JLINK_CORESIGHT_WriteAPDPReg(AP reg 0x01, 0x80011120)
T77C8 016:799.938 - 0.178ms returns 0
T77C8 016:799.964 JLINK_CORESIGHT_WriteAPDPReg(AP reg 0x03, 0x0000038A)
T77C8 016:800.168 - 0.205ms returns 0
T77C8 016:800.204 JLINK_CORESIGHT_WriteAPDPReg(AP reg 0x00, 0x80000002)
T77C8 016:800.392 - 0.189ms returns 0
T77C8 016:800.422 JLINK_CORESIGHT_WriteAPDPReg(AP reg 0x01, 0x80011140)
T77C8 016:800.596 - 0.173ms returns 0
T77C8 016:800.622 JLINK_CORESIGHT_ReadAPDPReg(AP reg 0x03)
T77C8 016:800.882   Value=0x00000002
T77C8 016:800.918 - 0.295ms returns 0
T77C8 016:800.942 JLINK_CORESIGHT_ReadAPDPReg(AP reg 0x03)
T77C8 016:801.196   Value=0x00000002
T77C8 016:801.230 - 0.288ms returns 0
T77C8 016:801.254 JLINK_CORESIGHT_ReadAPDPReg(AP reg 0x03)
T77C8 016:801.616   Value=0x00000002
T77C8 016:801.668 - 0.413ms returns 0
T77C8 016:801.694 JLINK_CORESIGHT_ReadAPDPReg(AP reg 0x03)
T77C8 016:801.934   Value=0x00000002
T77C8 016:801.988 - 0.292ms returns 0
T77C8 016:802.012 JLINK_CORESIGHT_ReadAPDPReg(AP reg 0x03)
T77C8 016:802.514   Value=0x00000002
T77C8 016:802.552 - 0.538ms returns 0
T77C8 016:802.576 JLINK_CORESIGHT_ReadAPDPReg(AP reg 0x03)
T77C8 016:802.802   Value=0x00000000
T77C8 016:802.838 - 0.261ms returns 0
T77C8 016:802.868 JLINK_CORESIGHT_WriteAPDPReg(AP reg 0x00, 0x80000002)
T77C8 016:803.040 - 0.173ms returns 0
T77C8 016:803.066 JLINK_CORESIGHT_WriteAPDPReg(AP reg 0x01, 0x80011130)
T77C8 016:803.276 - 0.208ms returns 0
T77C8 016:803.300 JLINK_CORESIGHT_ReadAPDPReg(AP reg 0x03)
T77C8 016:803.526   Value=0x75020081
T77C8 016:803.562 - 0.261ms returns 0
T77C8 016:803.590 JLINK_CORESIGHT_WriteAPDPReg(AP reg 0x00, 0x80000002)
T77C8 016:803.766 - 0.177ms returns 0
T77C8 016:803.796 JLINK_CORESIGHT_WriteAPDPReg(AP reg 0x01, 0x80011140)
T77C8 016:804.028 - 0.232ms returns 0
T77C8 016:804.058 JLINK_CORESIGHT_ReadAPDPReg(AP reg 0x03)
T77C8 016:804.326   Value=0x00000000
T77C8 016:804.362 - 0.304ms returns 0
T77C8 016:804.388 JLINK_CORESIGHT_WriteAPDPReg(AP reg 0x00, 0x80000002)
T77C8 016:804.562 - 0.173ms returns 0
T77C8 016:804.588 JLINK_CORESIGHT_WriteAPDPReg(AP reg 0x01, 0x80011130)
T77C8 016:804.772 - 0.183ms returns 0
T77C8 016:804.800 JLINK_CORESIGHT_ReadAPDPReg(AP reg 0x03)
T77C8 016:805.028   Value=0x00038702
T77C8 016:805.060 - 0.260ms returns 0
T77C8 016:805.524 JLINK_CORESIGHT_WriteAPDPReg(AP reg 0x00, 0x80000002)
T77C8 016:805.716 - 0.193ms returns 0
T77C8 016:805.742 JLINK_CORESIGHT_WriteAPDPReg(AP reg 0x01, 0x80011140)
T77C8 016:805.916 - 0.175ms returns 0
T77C8 016:805.942 JLINK_CORESIGHT_ReadAPDPReg(AP reg 0x03)
T77C8 016:806.196   Value=0x00000002
T77C8 016:806.230 - 0.288ms returns 0
T77C8 016:806.254 JLINK_CORESIGHT_WriteAPDPReg(AP reg 0x00, 0x80000002)
T77C8 016:806.430 - 0.175ms returns 0
T77C8 016:806.456 JLINK_CORESIGHT_WriteAPDPReg(AP reg 0x01, 0x80011120)
T77C8 016:806.632 - 0.176ms returns 0
T77C8 016:806.660 JLINK_CORESIGHT_WriteAPDPReg(AP reg 0x03, 0x4F010001)
T77C8 016:806.842 - 0.182ms returns 0
T77C8 016:806.868 JLINK_CORESIGHT_WriteAPDPReg(AP reg 0x00, 0x80000002)
T77C8 016:807.042 - 0.174ms returns 0
T77C8 016:807.068 JLINK_CORESIGHT_WriteAPDPReg(AP reg 0x01, 0x80011140)
T77C8 016:807.276 - 0.208ms returns 0
T77C8 016:807.300 JLINK_CORESIGHT_ReadAPDPReg(AP reg 0x03)
T77C8 016:807.526   Value=0x00000002
T77C8 016:807.562 - 0.260ms returns 0
T77C8 016:807.586 JLINK_CORESIGHT_WriteAPDPReg(AP reg 0x00, 0x80000002)
T77C8 016:807.766 - 0.180ms returns 0
T77C8 016:807.792 JLINK_CORESIGHT_WriteAPDPReg(AP reg 0x01, 0x80011120)
T77C8 016:807.966 - 0.174ms returns 0
T77C8 016:807.992 JLINK_CORESIGHT_WriteAPDPReg(AP reg 0x03, 0x000003B0)
T77C8 016:808.164 - 0.172ms returns 0
T77C8 016:808.192 JLINK_CORESIGHT_WriteAPDPReg(AP reg 0x00, 0x80000002)
T77C8 016:808.482 - 0.289ms returns 0
T77C8 016:808.508 JLINK_CORESIGHT_WriteAPDPReg(AP reg 0x01, 0x80011140)
T77C8 016:808.692 - 0.185ms returns 0
T77C8 016:808.718 JLINK_CORESIGHT_ReadAPDPReg(AP reg 0x03)
T77C8 016:808.942   Value=0x00000002
T77C8 016:808.978 - 0.259ms returns 0
T77C8 016:809.002 JLINK_CORESIGHT_ReadAPDPReg(AP reg 0x03)
T77C8 016:809.348   Value=0x00000002
T77C8 016:809.402 - 0.400ms returns 0
T77C8 016:809.428 JLINK_CORESIGHT_ReadAPDPReg(AP reg 0x03)
T77C8 016:809.652   Value=0x00000002
T77C8 016:809.684 - 0.257ms returns 0
T77C8 016:809.708 JLINK_CORESIGHT_ReadAPDPReg(AP reg 0x03)
T77C8 016:809.968   Value=0x00000002
T77C8 016:810.004 - 0.297ms returns 0
T77C8 016:810.028 JLINK_CORESIGHT_ReadAPDPReg(AP reg 0x03)
T77C8 016:810.316   Value=0x00000002
T77C8 016:810.370 - 0.342ms returns 0
T77C8 016:810.396 JLINK_CORESIGHT_ReadAPDPReg(AP reg 0x03)
T77C8 016:810.628   Value=0x00000000
T77C8 016:810.668 - 0.272ms returns 0
T77C8 016:810.694 JLINK_CORESIGHT_WriteAPDPReg(AP reg 0x00, 0x80000002)
T77C8 016:810.878 - 0.184ms returns 0
T77C8 016:810.904 JLINK_CORESIGHT_WriteAPDPReg(AP reg 0x01, 0x80011130)
T77C8 016:811.198 - 0.294ms returns 0
T77C8 016:811.224 JLINK_CORESIGHT_ReadAPDPReg(AP reg 0x03)
T77C8 016:811.524   Value=0x4F0B0081
T77C8 016:811.562 - 0.337ms returns 0
T77C8 016:811.588 JLINK_CORESIGHT_WriteAPDPReg(AP reg 0x00, 0x80000002)
T77C8 016:811.834 - 0.246ms returns 0
T77C8 016:811.860 JLINK_CORESIGHT_WriteAPDPReg(AP reg 0x01, 0x80011140)
T77C8 016:812.844 - 0.984ms returns 0
T77C8 016:812.876 JLINK_CORESIGHT_ReadAPDPReg(AP reg 0x03)
T77C8 016:813.260   Value=0x00000000
T77C8 016:813.324 - 0.449ms returns 0
T77C8 016:813.350 JLINK_CORESIGHT_WriteAPDPReg(AP reg 0x00, 0x80000002)
T77C8 016:813.542 - 0.192ms returns 0
T77C8 016:813.580 JLINK_CORESIGHT_WriteAPDPReg(AP reg 0x01, 0x80011130)
T77C8 016:813.870 - 0.290ms returns 0
T77C8 016:813.900 JLINK_CORESIGHT_ReadAPDPReg(AP reg 0x03)
T77C8 016:814.218   Value=0x00040000
T77C8 016:814.258 - 0.357ms returns 0
T77C8 016:814.284 JLINK_CORESIGHT_WriteAPDPReg(AP reg 0x00, 0x80000002)
T77C8 016:814.580 - 0.296ms returns 0
T77C8 016:814.608 JLINK_CORESIGHT_WriteAPDPReg(AP reg 0x01, 0x80011140)
T77C8 016:814.796 - 0.186ms returns 0
T77C8 016:814.820 JLINK_CORESIGHT_ReadAPDPReg(AP reg 0x03)
T77C8 016:815.072   Value=0x00000000
T77C8 016:815.134 - 0.313ms returns 0
T77C8 016:815.160 JLINK_CORESIGHT_WriteAPDPReg(AP reg 0x00, 0x80000002)
T77C8 016:815.452 - 0.293ms returns 0
T77C8 016:815.486 JLINK_CORESIGHT_WriteAPDPReg(AP reg 0x01, 0x80011130)
T77C8 016:815.668 - 0.181ms returns 0
T77C8 016:815.696 JLINK_CORESIGHT_ReadAPDPReg(AP reg 0x03)
T77C8 016:815.922   Value=0x00000000
T77C8 016:815.960 - 0.265ms returns 0
T77C8 016:815.984 JLINK_CORESIGHT_WriteAPDPReg(AP reg 0x00, 0x80000002)
T77C8 016:816.164 - 0.181ms returns 0
T77C8 016:816.190 JLINK_CORESIGHT_WriteAPDPReg(AP reg 0x01, 0x80011140)
T77C8 016:816.366 - 0.175ms returns 0
T77C8 016:816.392 JLINK_CORESIGHT_ReadAPDPReg(AP reg 0x03)
T77C8 016:816.618   Value=0x00000000
T77C8 016:816.656 - 0.262ms returns 0
T77C8 016:816.680 JLINK_CORESIGHT_WriteAPDPReg(AP reg 0x00, 0x80000002)
T77C8 016:816.920 - 0.240ms returns 0
T77C8 016:816.948 JLINK_CORESIGHT_WriteAPDPReg(AP reg 0x01, 0x80011130)
T77C8 016:817.166 - 0.218ms returns 0
T77C8 016:817.192 JLINK_CORESIGHT_ReadAPDPReg(AP reg 0x03)
T77C8 016:817.418   Value=0x03A20000
T77C8 016:817.452 - 0.261ms returns 0
T77C8 016:817.756 JLINK_CORESIGHT_ReadAPDPReg(DP reg 0x01)
T77C8 016:817.998   Value=0xF0000F40
T77C8 016:818.034 - 0.276ms returns 0
T77C8 016:818.058 JLINK_CORESIGHT_WriteAPDPReg(DP reg 0x01, 0xA0000F40)
T77C8 016:818.276 - 0.218ms returns 0
T77C8 016:818.302 JLINK_CORESIGHT_ReadAPDPReg(DP reg 0x01)
T77C8 016:818.502   Value=0x00000F40
T77C8 016:818.538 - 0.235ms returns 0
T77C8 016:818.562 JLINK_ClrRESET()
T77C8 016:818.736 - 0.174ms 
T77C8 016:926.954 JLINK_Close()
T77C8 016:939.722 - 12.767ms
T77C8 016:940.078   
T77C8 016:940.116   Closed
